// Jest Snapshot v1, https://goo.gl/fbAQLP

exports[`Home renders page without changes 1`] = `
<h1>
  Display packages list here
</h1>
`;
